

configure terminal




interface GigabitEthernet0/0/0/15


 description tacocat











commit

