!Command: show startup-config
!Time: Mon Jun 27 21:46:55 2022
!Startup config saved at: Mon Jun 27 20:42:16 2022

version 9.2(4) Bios:version
hostname vr-n9kv
vdc vr-n9kv id 1
  limit-resource vlan minimum 16 maximum 4094
  limit-resource vrf minimum 2 maximum 4096
  limit-resource port-channel minimum 0 maximum 511
  limit-resource u4route-mem minimum 248 maximum 248
  limit-resource u6route-mem minimum 96 maximum 96
  limit-resource m4route-mem minimum 58 maximum 58
  limit-resource m6route-mem minimum 8 maximum 8

feature nxapi
feature scp-server
feature netconf
feature grpc

no password strength-check
username admin password 5 $5$JJBIKB$zRQr5oZ2YbcNvB9tLa1K4OOAbAFc49FYvMtG9H6lGHA  role network-admin
username boxen password 5 $5$dKE4NetV$H11sxUgq239NHUUW6Tfig9O5ZQK4cykI/0RtdarXTd7  role network-admin
username boxen passphrase  lifetime 99999 warntime 14 gracetime 3
ip domain-lookup
copp profile strict
snmp-server user admin network-admin auth md5 0xc2ddb65d774688cbe39ccc99407c3504 priv 0xc2ddb65d774688cbe39ccc99407c3504 localizedkey
snmp-server user boxen network-admin auth md5 0xbbde1f880043a9581715afb5bd97c938 priv 0xbbde1f880043a9581715afb5bd97c938 localizedkey
rmon event 1 description FATAL(1) owner PMON@FATAL
rmon event 2 description CRITICAL(2) owner PMON@CRITICAL
rmon event 3 description ERROR(3) owner PMON@ERROR
rmon event 4 description WARNING(4) owner PMON@WARNING
rmon event 5 description INFORMATION(5) owner PMON@INFO

vlan 1

vrf context management

interface Ethernet1/1

interface Ethernet1/2

interface Ethernet1/3

interface Ethernet1/4

interface Ethernet1/5

interface Ethernet1/6

interface Ethernet1/7

interface Ethernet1/8

interface Ethernet1/9

interface Ethernet1/10

interface Ethernet1/11

interface Ethernet1/12

interface Ethernet1/13

interface Ethernet1/14

interface Ethernet1/15

interface Ethernet1/16

interface Ethernet1/17

interface Ethernet1/18

interface Ethernet1/19

interface Ethernet1/20

interface Ethernet1/21

interface Ethernet1/22

interface Ethernet1/23

interface Ethernet1/24

interface Ethernet1/25

interface Ethernet1/26

interface Ethernet1/27

interface Ethernet1/28

interface Ethernet1/29

interface Ethernet1/30

interface Ethernet1/31

interface Ethernet1/32

interface Ethernet1/33

interface Ethernet1/34

interface Ethernet1/35

interface Ethernet1/36

interface Ethernet1/37

interface Ethernet1/38

interface Ethernet1/39

interface Ethernet1/40

interface Ethernet1/41

interface Ethernet1/42

interface Ethernet1/43

interface Ethernet1/44

interface Ethernet1/45

interface Ethernet1/46

interface Ethernet1/47

interface Ethernet1/48

interface Ethernet1/49

interface Ethernet1/50

interface Ethernet1/51

interface Ethernet1/52

interface Ethernet1/53

interface Ethernet1/54

interface Ethernet1/55

interface Ethernet1/56

interface Ethernet1/57

interface Ethernet1/58

interface Ethernet1/59

interface Ethernet1/60

interface Ethernet1/61

interface Ethernet1/62

interface Ethernet1/63

interface Ethernet1/64

interface Ethernet1/65

interface Ethernet1/66

interface Ethernet1/67

interface Ethernet1/68

interface Ethernet1/69

interface Ethernet1/70

interface Ethernet1/71

interface Ethernet1/72

interface Ethernet1/73

interface Ethernet1/74

interface Ethernet1/75

interface Ethernet1/76

interface Ethernet1/77

interface Ethernet1/78

interface Ethernet1/79

interface Ethernet1/80

interface Ethernet1/81

interface Ethernet1/82

interface Ethernet1/83

interface Ethernet1/84

interface Ethernet1/85

interface Ethernet1/86

interface Ethernet1/87

interface Ethernet1/88

interface Ethernet1/89

interface Ethernet1/90

interface Ethernet1/91

interface Ethernet1/92

interface Ethernet1/93

interface Ethernet1/94

interface Ethernet1/95

interface Ethernet1/96

interface Ethernet1/97

interface Ethernet1/98

interface Ethernet1/99

interface Ethernet1/100

interface Ethernet1/101

interface Ethernet1/102

interface Ethernet1/103

interface Ethernet1/104

interface Ethernet1/105

interface Ethernet1/106

interface Ethernet1/107

interface Ethernet1/108

interface Ethernet1/109

interface Ethernet1/110

interface Ethernet1/111

interface Ethernet1/112

interface Ethernet1/113

interface Ethernet1/114

interface Ethernet1/115

interface Ethernet1/116

interface Ethernet1/117

interface Ethernet1/118

interface Ethernet1/119

interface Ethernet1/120

interface Ethernet1/121

interface Ethernet1/122

interface Ethernet1/123

interface Ethernet1/124

interface Ethernet1/125

interface Ethernet1/126

interface Ethernet1/127

interface Ethernet1/128

interface mgmt0
  vrf member management
  ip address 10.0.0.15/24
line console
line vty
boot nxos bootflash:/nxos.9.2.4.bin